Release 14.7 - xst P.20131013 (nt64)
Copyright (c) 1995-2013 Xilinx, Inc.  All rights reserved.
--> Parameter TMPDIR set to xst/projnav.tmp


Total REAL time to Xst completion: 0.00 secs
Total CPU time to Xst completion: 0.09 secs
 
--> Parameter xsthdpdir set to xst


Total REAL time to Xst completion: 0.00 secs
Total CPU time to Xst completion: 0.09 secs
 
--> Reading design: m.prj

TABLE OF CONTENTS
  1) Synthesis Options Summary
  2) HDL Compilation
  3) Design Hierarchy Analysis
  4) HDL Analysis
  5) HDL Synthesis
     5.1) HDL Synthesis Report
  6) Advanced HDL Synthesis
     6.1) Advanced HDL Synthesis Report
  7) Low Level Synthesis
  8) Partition Report
  9) Final Report
	9.1) Device utilization summary
	9.2) Partition Resource Summary
	9.3) TIMING REPORT


=========================================================================
*                      Synthesis Options Summary                        *
=========================================================================
---- Source Parameters
Input File Name                    : "m.prj"
Input Format                       : mixed
Ignore Synthesis Constraint File   : NO

---- Target Parameters
Output File Name                   : "m"
Output Format                      : NGC
Target Device                      : xc3s400-4-tq144

---- Source Options
Top Module Name                    : m
Automatic FSM Extraction           : YES
FSM Encoding Algorithm             : Auto
Safe Implementation                : No
FSM Style                          : LUT
RAM Extraction                     : Yes
RAM Style                          : Auto
ROM Extraction                     : Yes
Mux Style                          : Auto
Decoder Extraction                 : YES
Priority Encoder Extraction        : Yes
Shift Register Extraction          : YES
Logical Shifter Extraction         : YES
XOR Collapsing                     : YES
ROM Style                          : Auto
Mux Extraction                     : Yes
Resource Sharing                   : YES
Asynchronous To Synchronous        : NO
Multiplier Style                   : Auto
Automatic Register Balancing       : No

---- Target Options
Add IO Buffers                     : YES
Global Maximum Fanout              : 100000
Add Generic Clock Buffer(BUFG)     : 8
Register Duplication               : YES
Slice Packing                      : YES
Optimize Instantiated Primitives   : NO
Use Clock Enable                   : Yes
Use Synchronous Set                : Yes
Use Synchronous Reset              : Yes
Pack IO Registers into IOBs        : Auto
Equivalent register Removal        : YES

---- General Options
Optimization Goal                  : Speed
Optimization Effort                : 1
Keep Hierarchy                     : No
Netlist Hierarchy                  : As_Optimized
RTL Output                         : Yes
Global Optimization                : AllClockNets
Read Cores                         : YES
Write Timing Constraints           : NO
Cross Clock Analysis               : NO
Hierarchy Separator                : /
Bus Delimiter                      : <>
Case Specifier                     : Maintain
Slice Utilization Ratio            : 100
BRAM Utilization Ratio             : 100
Verilog 2001                       : YES
Auto BRAM Packing                  : NO
Slice Utilization Ratio Delta      : 5

=========================================================================


=========================================================================
*                          HDL Compilation                              *
=========================================================================
Compiling vhdl file "D:/GitHub/Yashil-fpga/pwm.vhd" in Library work.
Architecture behavioral of Entity pwm is up to date.
Compiling vhdl file "D:/GitHub/Yashil-fpga/driver.vhd" in Library work.
Architecture behavioral of Entity drivermotor is up to date.
Compiling vhdl file "D:/GitHub/Yashil-fpga/Write_to_USB.vhd" in Library work.
Architecture behavioral of Entity write_to_usb is up to date.
Compiling vhdl file "D:/GitHub/Yashil-fpga/micro_com2.vhd" in Library work.
Entity <micro_com2> compiled.
ERROR:HDLParsers:808 - "D:/GitHub/Yashil-fpga/micro_com2.vhd" Line 56. = can not have such operands in this context.
ERROR:HDLParsers:3312 - "D:/GitHub/Yashil-fpga/micro_com2.vhd" Line 59. Undefined symbol 'RPM_IN'.
ERROR:HDLParsers:1209 - "D:/GitHub/Yashil-fpga/micro_com2.vhd" Line 59. RPM_IN: Undefined symbol (last report in this block)
ERROR:HDLParsers:808 - "D:/GitHub/Yashil-fpga/micro_com2.vhd" Line 62. = can not have such operands in this context.
ERROR:HDLParsers:808 - "D:/GitHub/Yashil-fpga/micro_com2.vhd" Line 69. = can not have such operands in this context.
ERROR:HDLParsers:808 - "D:/GitHub/Yashil-fpga/micro_com2.vhd" Line 76. = can not have such operands in this context.
ERROR:HDLParsers:808 - "D:/GitHub/Yashil-fpga/micro_com2.vhd" Line 83. = can not have such operands in this context.
ERROR:HDLParsers:808 - "D:/GitHub/Yashil-fpga/micro_com2.vhd" Line 90. = can not have such operands in this context.
ERROR:HDLParsers:808 - "D:/GitHub/Yashil-fpga/micro_com2.vhd" Line 97. = can not have such operands in this context.
ERROR:HDLParsers:808 - "D:/GitHub/Yashil-fpga/micro_com2.vhd" Line 99. = can not have such operands in this context.
ERROR:HDLParsers:808 - "D:/GitHub/Yashil-fpga/micro_com2.vhd" Line 100. = can not have such operands in this context.
ERROR:HDLParsers:3312 - "D:/GitHub/Yashil-fpga/micro_com2.vhd" Line 101. Undefined symbol 'motor_num'.
ERROR:HDLParsers:1209 - "D:/GitHub/Yashil-fpga/micro_com2.vhd" Line 101. motor_num: Undefined symbol (last report in this block)
ERROR:HDLParsers:808 - "D:/GitHub/Yashil-fpga/micro_com2.vhd" Line 102. = can not have such operands in this context.
ERROR:HDLParsers:3312 - "D:/GitHub/Yashil-fpga/micro_com2.vhd" Line 114. Undefined symbol 'rpm1'.
ERROR:HDLParsers:3312 - "D:/GitHub/Yashil-fpga/micro_com2.vhd" Line 115. Undefined symbol 'rpm2'.
ERROR:HDLParsers:3312 - "D:/GitHub/Yashil-fpga/micro_com2.vhd" Line 116. Undefined symbol 'rpm3'.
ERROR:HDLParsers:3312 - "D:/GitHub/Yashil-fpga/micro_com2.vhd" Line 117. Undefined symbol 'rpm4'.
ERROR:HDLParsers:3312 - "D:/GitHub/Yashil-fpga/micro_com2.vhd" Line 123. Undefined symbol 'FREE_WHEELS'.
ERROR:HDLParsers:1209 - "D:/GitHub/Yashil-fpga/micro_com2.vhd" Line 124. rpm1: Undefined symbol (last report in this block)
ERROR:HDLParsers:1209 - "D:/GitHub/Yashil-fpga/micro_com2.vhd" Line 125. rpm2: Undefined symbol (last report in this block)
ERROR:HDLParsers:1209 - "D:/GitHub/Yashil-fpga/micro_com2.vhd" Line 126. rpm3: Undefined symbol (last report in this block)
ERROR:HDLParsers:1209 - "D:/GitHub/Yashil-fpga/micro_com2.vhd" Line 127. rpm4: Undefined symbol (last report in this block)
ERROR:HDLParsers:1209 - "D:/GitHub/Yashil-fpga/micro_com2.vhd" Line 129. FREE_WHEELS: Undefined symbol (last report in this block)
--> 

Total memory usage is 235392 kilobytes

Number of errors   :   24 (   0 filtered)
Number of warnings :    0 (   0 filtered)
Number of infos    :    0 (   0 filtered)

