AR micro_com2 behavioral F:/GitHub/FPGA/MainBoardCode_v6/micro_com2.vhd sub00/vhpl07 1425841659
EN pwm NULL F:/GitHub/FPGA/MainBoardCode_v6/pwm.vhd sub00/vhpl00 1425841652
AR drivermotor behavioral F:/GitHub/FPGA/MainBoardCode_v6/driver.vhd sub00/vhpl03 1425841655
AR m behavioral F:/GitHub/FPGA/MainBoardCode_v6/m.vhd sub00/vhpl11 1425841661
EN drivermotor NULL F:/GitHub/FPGA/MainBoardCode_v6/driver.vhd sub00/vhpl02 1425841654
AR pwm behavioral F:/GitHub/FPGA/MainBoardCode_v6/pwm.vhd sub00/vhpl01 1425841653
EN m NULL F:/GitHub/FPGA/MainBoardCode_v6/m.vhd sub00/vhpl10 1425841660
EN clk_200m NULL C:/Users/Fatemeh/Desktop/khodaaaaaaaaaaaaaaaaaaaaaaaaaaaaaaa/main_fpga/clk_200M.vhd sub00/vhpl08 1425112470
EN micro_com2 NULL F:/GitHub/FPGA/MainBoardCode_v6/micro_com2.vhd sub00/vhpl06 1425841658
EN write_to_usb NULL F:/GitHub/FPGA/MainBoardCode_v6/Write_to_USB.vhd sub00/vhpl04 1425841656
AR clk_200m behavioral C:/Users/Fatemeh/Desktop/khodaaaaaaaaaaaaaaaaaaaaaaaaaaaaaaa/main_fpga/clk_200M.vhd sub00/vhpl09 1425112471
AR write_to_usb behavioral F:/GitHub/FPGA/MainBoardCode_v6/Write_to_USB.vhd sub00/vhpl05 1425841657
