AR micro_com2 behavioral C:/Users/Fatemeh/Desktop/khodaaaaaaaaaaaaaaaaaaaaaaaaaaaaaaa/main_fpga/micro_com2.vhd sub00/vhpl07 1424686979
EN pwm NULL C:/Users/Fatemeh/Desktop/khodaaaaaaaaaaaaaaaaaaaaaaaaaaaaaaa/main_fpga/pwm.vhd sub00/vhpl00 1424686972
AR drivermotor behavioral C:/Users/Fatemeh/Desktop/khodaaaaaaaaaaaaaaaaaaaaaaaaaaaaaaa/main_fpga/driver.vhd sub00/vhpl03 1424686975
AR m behavioral C:/Users/Fatemeh/Desktop/khodaaaaaaaaaaaaaaaaaaaaaaaaaaaaaaa/main_fpga/m.vhd sub00/vhpl11 1424686983
EN drivermotor NULL C:/Users/Fatemeh/Desktop/khodaaaaaaaaaaaaaaaaaaaaaaaaaaaaaaa/main_fpga/driver.vhd sub00/vhpl02 1424686974
AR pwm behavioral C:/Users/Fatemeh/Desktop/khodaaaaaaaaaaaaaaaaaaaaaaaaaaaaaaa/main_fpga/pwm.vhd sub00/vhpl01 1424686973
EN m NULL C:/Users/Fatemeh/Desktop/khodaaaaaaaaaaaaaaaaaaaaaaaaaaaaaaa/main_fpga/m.vhd sub00/vhpl10 1424686982
EN clk_200m NULL C:/Users/Fatemeh/Desktop/khodaaaaaaaaaaaaaaaaaaaaaaaaaaaaaaa/main_fpga/clk_200M.vhd sub00/vhpl08 1424686980
EN micro_com2 NULL C:/Users/Fatemeh/Desktop/khodaaaaaaaaaaaaaaaaaaaaaaaaaaaaaaa/main_fpga/micro_com2.vhd sub00/vhpl06 1424686978
EN write_to_usb NULL C:/Users/Fatemeh/Desktop/khodaaaaaaaaaaaaaaaaaaaaaaaaaaaaaaa/main_fpga/Write_to_USB.vhd sub00/vhpl04 1424686976
AR clk_200m behavioral C:/Users/Fatemeh/Desktop/khodaaaaaaaaaaaaaaaaaaaaaaaaaaaaaaa/main_fpga/clk_200M.vhd sub00/vhpl09 1424686981
AR write_to_usb behavioral C:/Users/Fatemeh/Desktop/khodaaaaaaaaaaaaaaaaaaaaaaaaaaaaaaa/main_fpga/Write_to_USB.vhd sub00/vhpl05 1424686977
