AR micro_com2 behavioral F:/GitHub/FPGA/driver1/maincodev6/micro_com2.vhd sub00/vhpl07 1419782717
EN pwm NULL F:/GitHub/FPGA/driver1/maincodev6/pwm.vhd sub00/vhpl00 1419782710
AR mul2 mul2_a F:/GitHub/FPGA/driver1/maincodev6/ipcore_dir/MUL2.vhd sub00/vhpl14 1419077096
AR drivermotor behavioral F:/GitHub/FPGA/driver1/maincodev6/driver.vhd sub00/vhpl03 1419782713
AR m behavioral F:/GitHub/FPGA/driver1/maincodev6/m.vhd sub00/vhpl09 1419782719
EN drivermotor NULL F:/GitHub/FPGA/driver1/maincodev6/driver.vhd sub00/vhpl02 1419782712
AR pwm behavioral F:/GitHub/FPGA/driver1/maincodev6/pwm.vhd sub00/vhpl01 1419782711
EN m NULL F:/GitHub/FPGA/driver1/maincodev6/m.vhd sub00/vhpl08 1419782718
EN micro_com2 NULL F:/GitHub/FPGA/driver1/maincodev6/micro_com2.vhd sub00/vhpl06 1419782716
EN mul NULL F:/GitHub/FPGA/driver1/maincodev6/ipcore_dir/mul.vhd sub00/vhpl12 1419077093
EN mul2 NULL F:/GitHub/FPGA/driver1/maincodev6/ipcore_dir/MUL2.vhd sub00/vhpl13 1419077095
EN write_to_usb NULL F:/GitHub/FPGA/driver1/maincodev6/Write_to_USB.vhd sub00/vhpl04 1419782714
AR mul mul_a F:/GitHub/FPGA/driver1/maincodev6/ipcore_dir/mul.vhd sub00/vhpl11 1419077094
AR write_to_usb behavioral F:/GitHub/FPGA/driver1/maincodev6/Write_to_USB.vhd sub00/vhpl05 1419782715
