V3 27
FL C:/Users/Fatemeh/Desktop/khodaaaaaaaaaaaaaaaaaaaaaaaaaaaaaaa/main_fpga/clk_200M.vhd 2015/02/23.12:35:24 P.20131013
EN work/clk_200M 1425031224 \
      FL C:/Users/Fatemeh/Desktop/khodaaaaaaaaaaaaaaaaaaaaaaaaaaaaaaa/main_fpga/clk_200M.vhd \
      PB ieee/std_logic_1164 1381692176 PB ieee/NUMERIC_STD 1381692181 LB UNISIM \
      PH unisim/VCOMPONENTS 1381692182
AR work/clk_200M/BEHAVIORAL 1425031225 \
      FL C:/Users/Fatemeh/Desktop/khodaaaaaaaaaaaaaaaaaaaaaaaaaaaaaaa/main_fpga/clk_200M.vhd \
      EN work/clk_200M 1425031224 CP BUFG CP DCM
FL C:/Users/Fatemeh/Desktop/khodaaaaaaaaaaaaaaaaaaaaaaaaaaaaaaa/main_fpga/driver.vhd 2015/02/27.12:38:09 P.20131013
EN work/drivermotor 1425031218 \
      FL C:/Users/Fatemeh/Desktop/khodaaaaaaaaaaaaaaaaaaaaaaaaaaaaaaa/main_fpga/driver.vhd \
      PB ieee/std_logic_1164 1381692176 PB ieee/STD_LOGIC_UNSIGNED 1381692179 \
      PB ieee/std_logic_arith 1381692177
AR work/drivermotor/Behavioral 1425031219 \
      FL C:/Users/Fatemeh/Desktop/khodaaaaaaaaaaaaaaaaaaaaaaaaaaaaaaa/main_fpga/driver.vhd \
      EN work/drivermotor 1425031218 CP PWM
FL C:/Users/Fatemeh/Desktop/khodaaaaaaaaaaaaaaaaaaaaaaaaaaaaaaa/main_fpga/m.vhd 2015/02/27.13:30:08 P.20131013
EN work/m 1425031226 \
      FL C:/Users/Fatemeh/Desktop/khodaaaaaaaaaaaaaaaaaaaaaaaaaaaaaaa/main_fpga/m.vhd \
      PB ieee/std_logic_1164 1381692176 PB ieee/STD_LOGIC_UNSIGNED 1381692179 \
      PB ieee/std_logic_arith 1381692177
AR work/m/Behavioral 1425031227 \
      FL C:/Users/Fatemeh/Desktop/khodaaaaaaaaaaaaaaaaaaaaaaaaaaaaaaa/main_fpga/m.vhd \
      EN work/m 1425031226 CP drivermotor CP Write_to_USB CP micro_com2 CP DIVIDER \
      CP clk_200M
FL C:/Users/Fatemeh/Desktop/khodaaaaaaaaaaaaaaaaaaaaaaaaaaaaaaa/main_fpga/micro_com2.vhd 2015/02/24.15:44:28 P.20131013
EN work/micro_com2 1425031222 \
      FL C:/Users/Fatemeh/Desktop/khodaaaaaaaaaaaaaaaaaaaaaaaaaaaaaaa/main_fpga/micro_com2.vhd \
      PB ieee/std_logic_1164 1381692176 PB ieee/std_logic_arith 1381692177 \
      PB ieee/STD_LOGIC_UNSIGNED 1381692179
AR work/micro_com2/Behavioral 1425031223 \
      FL C:/Users/Fatemeh/Desktop/khodaaaaaaaaaaaaaaaaaaaaaaaaaaaaaaa/main_fpga/micro_com2.vhd \
      EN work/micro_com2 1425031222
FL C:/Users/Fatemeh/Desktop/khodaaaaaaaaaaaaaaaaaaaaaaaaaaaaaaa/main_fpga/pwm.vhd 2014/12/06.12:51:05 P.20131013
EN work/pwm 1425031216 \
      FL C:/Users/Fatemeh/Desktop/khodaaaaaaaaaaaaaaaaaaaaaaaaaaaaaaa/main_fpga/pwm.vhd \
      PB ieee/std_logic_1164 1381692176 PB ieee/STD_LOGIC_UNSIGNED 1381692179 \
      PB ieee/std_logic_arith 1381692177
AR work/pwm/Behavioral 1425031217 \
      FL C:/Users/Fatemeh/Desktop/khodaaaaaaaaaaaaaaaaaaaaaaaaaaaaaaa/main_fpga/pwm.vhd \
      EN work/pwm 1425031216
FL C:/Users/Fatemeh/Desktop/khodaaaaaaaaaaaaaaaaaaaaaaaaaaaaaaa/main_fpga/Write_to_USB.vhd 2014/11/29.23:41:01 P.20131013
EN work/Write_to_USB 1425031220 \
      FL C:/Users/Fatemeh/Desktop/khodaaaaaaaaaaaaaaaaaaaaaaaaaaaaaaa/main_fpga/Write_to_USB.vhd \
      PB ieee/std_logic_1164 1381692176 PB ieee/std_logic_arith 1381692177 \
      PB ieee/STD_LOGIC_UNSIGNED 1381692179
AR work/Write_to_USB/Behavioral 1425031221 \
      FL C:/Users/Fatemeh/Desktop/khodaaaaaaaaaaaaaaaaaaaaaaaaaaaaaaa/main_fpga/Write_to_USB.vhd \
      EN work/Write_to_USB 1425031220
