V3 27
FL C:/Users/Fatemeh/Desktop/khodaaaaaaaaaaaaaaaaaaaaaaaaaaaaaaa/main_fpga/clk_200M.vhd 2015/02/22.22:00:21 P.20131013
EN work/clk_200M 1424634350 \
      FL C:/Users/Fatemeh/Desktop/khodaaaaaaaaaaaaaaaaaaaaaaaaaaaaaaa/main_fpga/clk_200M.vhd \
      PB ieee/std_logic_1164 1381692176 PB ieee/NUMERIC_STD 1381692181 LB UNISIM \
      PH unisim/VCOMPONENTS 1381692182
AR work/clk_200M/BEHAVIORAL 1424634351 \
      FL C:/Users/Fatemeh/Desktop/khodaaaaaaaaaaaaaaaaaaaaaaaaaaaaaaa/main_fpga/clk_200M.vhd \
      EN work/clk_200M 1424634350 CP BUFG CP DCM
FL C:/Users/Fatemeh/Desktop/khodaaaaaaaaaaaaaaaaaaaaaaaaaaaaaaa/main_fpga/driver.vhd 2015/02/22.23:06:16 P.20131013
EN work/drivermotor 1424634344 \
      FL C:/Users/Fatemeh/Desktop/khodaaaaaaaaaaaaaaaaaaaaaaaaaaaaaaa/main_fpga/driver.vhd \
      PB ieee/std_logic_1164 1381692176 PB ieee/STD_LOGIC_UNSIGNED 1381692179 \
      PB ieee/std_logic_arith 1381692177
AR work/drivermotor/Behavioral 1424634345 \
      FL C:/Users/Fatemeh/Desktop/khodaaaaaaaaaaaaaaaaaaaaaaaaaaaaaaa/main_fpga/driver.vhd \
      EN work/drivermotor 1424634344 CP PWM CP DIVIDER
FL C:/Users/Fatemeh/Desktop/khodaaaaaaaaaaaaaaaaaaaaaaaaaaaaaaa/main_fpga/m.vhd 2015/02/22.23:15:36 P.20131013
EN work/m 1424634352 \
      FL C:/Users/Fatemeh/Desktop/khodaaaaaaaaaaaaaaaaaaaaaaaaaaaaaaa/main_fpga/m.vhd \
      PB ieee/std_logic_1164 1381692176 PB ieee/STD_LOGIC_UNSIGNED 1381692179 \
      PB ieee/std_logic_arith 1381692177
AR work/m/Behavioral 1424634353 \
      FL C:/Users/Fatemeh/Desktop/khodaaaaaaaaaaaaaaaaaaaaaaaaaaaaaaa/main_fpga/m.vhd \
      EN work/m 1424634352 CP drivermotor CP Write_to_USB CP micro_com2 CP clk_200M
FL C:/Users/Fatemeh/Desktop/khodaaaaaaaaaaaaaaaaaaaaaaaaaaaaaaa/main_fpga/micro_com2.vhd 2014/12/24.17:01:31 P.20131013
EN work/micro_com2 1424634348 \
      FL C:/Users/Fatemeh/Desktop/khodaaaaaaaaaaaaaaaaaaaaaaaaaaaaaaa/main_fpga/micro_com2.vhd \
      PB ieee/std_logic_1164 1381692176 PB ieee/std_logic_arith 1381692177 \
      PB ieee/STD_LOGIC_UNSIGNED 1381692179
AR work/micro_com2/Behavioral 1424634349 \
      FL C:/Users/Fatemeh/Desktop/khodaaaaaaaaaaaaaaaaaaaaaaaaaaaaaaa/main_fpga/micro_com2.vhd \
      EN work/micro_com2 1424634348
FL C:/Users/Fatemeh/Desktop/khodaaaaaaaaaaaaaaaaaaaaaaaaaaaaaaa/main_fpga/pwm.vhd 2014/12/06.12:51:05 P.20131013
EN work/pwm 1424634342 \
      FL C:/Users/Fatemeh/Desktop/khodaaaaaaaaaaaaaaaaaaaaaaaaaaaaaaa/main_fpga/pwm.vhd \
      PB ieee/std_logic_1164 1381692176 PB ieee/STD_LOGIC_UNSIGNED 1381692179 \
      PB ieee/std_logic_arith 1381692177
AR work/pwm/Behavioral 1424634343 \
      FL C:/Users/Fatemeh/Desktop/khodaaaaaaaaaaaaaaaaaaaaaaaaaaaaaaa/main_fpga/pwm.vhd \
      EN work/pwm 1424634342
FL C:/Users/Fatemeh/Desktop/khodaaaaaaaaaaaaaaaaaaaaaaaaaaaaaaa/main_fpga/Write_to_USB.vhd 2014/11/29.23:41:01 P.20131013
EN work/Write_to_USB 1424634346 \
      FL C:/Users/Fatemeh/Desktop/khodaaaaaaaaaaaaaaaaaaaaaaaaaaaaaaa/main_fpga/Write_to_USB.vhd \
      PB ieee/std_logic_1164 1381692176 PB ieee/std_logic_arith 1381692177 \
      PB ieee/STD_LOGIC_UNSIGNED 1381692179
AR work/Write_to_USB/Behavioral 1424634347 \
      FL C:/Users/Fatemeh/Desktop/khodaaaaaaaaaaaaaaaaaaaaaaaaaaaaaaa/main_fpga/Write_to_USB.vhd \
      EN work/Write_to_USB 1424634346
